id: AFUJRYKC_0000
directory: output/AFUJRYKC_0000
[36mbenchmark output/AFUJRYKC_0000/verilog/current.v[39m
[36miteration 1 with et 12, available error 10[39m
annotated_graph_loading_time = 0.2725240000000002
started labelling
> ZONE CONSTRAINT ACTIVE: Running multi-zone labelling...
average_node_time = 31.75023136312849
labelling_time = 5683.298586
> FUNCTION CALLED: Zone extractor is running! <
>>> Total zone constraints added: 256
===VERIFICATION ===

Exit Edge Detected: g71 -> g78
  [PASS] Zone 0 | Weight: 16 <= Limit: 21
  [PASS] Zone 1 | Weight: 16 <= Limit: 21
  [PASS] Zone 2 | Weight: 16 <= Limit: 21
  [PASS] Zone 3 | Weight: 16 <= Limit: 21
  [PASS] Zone 4 | Weight: 16 <= Limit: 21
  [PASS] Zone 5 | Weight: 16 <= Limit: 21
  [PASS] Zone 6 | Weight: 16 <= Limit: 22
  [PASS] Zone 7 | Weight: 16 <= Limit: 22
  [PASS] Zone 8 | Weight: 16 <= Limit: 22
  [PASS] Zone 9 | Weight: 16 <= Limit: 22
  [PASS] Zone 10 | Weight: 16 <= Limit: 22
  [PASS] Zone 11 | Weight: 16 <= Limit: 22
  [PASS] Zone 12 | Weight: 16 <= Limit: 22
  [PASS] Zone 13 | Weight: 16 <= Limit: 22
  [PASS] Zone 14 | Weight: 16 <= Limit: 22
  [PASS] Zone 15 | Weight: 16 <= Limit: 22
  [PASS] Zone 16 | Weight: 16 <= Limit: 21
  [PASS] Zone 17 | Weight: 16 <= Limit: 21
  [PASS] Zone 18 | Weight: 16 <= Limit: 21
  [PASS] Zone 19 | Weight: 16 <= Limit: 21
  [PASS] Zone 20 | Weight: 16 <= Limit: 21
  [PASS] Zone 21 | Weight: 16 <= Limit: 21
  [PASS] Zone 22 | Weight: 16 <= Limit: 21
  [PASS] Zone 23 | Weight: 16 <= Limit: 22
  [PASS] Zone 24 | Weight: 16 <= Limit: 22
  [PASS] Zone 25 | Weight: 16 <= Limit: 22
  [PASS] Zone 26 | Weight: 16 <= Limit: 22
  [PASS] Zone 27 | Weight: 16 <= Limit: 22
  [PASS] Zone 28 | Weight: 16 <= Limit: 22
  [PASS] Zone 29 | Weight: 16 <= Limit: 22
  [PASS] Zone 30 | Weight: 16 <= Limit: 22
  [PASS] Zone 31 | Weight: 16 <= Limit: 22
  [PASS] Zone 32 | Weight: 16 <= Limit: 21
  [PASS] Zone 33 | Weight: 16 <= Limit: 21
  [PASS] Zone 34 | Weight: 16 <= Limit: 21
  [PASS] Zone 35 | Weight: 16 <= Limit: 21
  [PASS] Zone 36 | Weight: 16 <= Limit: 21
  [PASS] Zone 37 | Weight: 16 <= Limit: 21
  [PASS] Zone 38 | Weight: 16 <= Limit: 21
  [PASS] Zone 39 | Weight: 16 <= Limit: 21
  [PASS] Zone 40 | Weight: 16 <= Limit: 21
  [PASS] Zone 41 | Weight: 16 <= Limit: 21
  [PASS] Zone 42 | Weight: 16 <= Limit: 21
  [PASS] Zone 43 | Weight: 16 <= Limit: 21
  [PASS] Zone 44 | Weight: 16 <= Limit: 21
  [PASS] Zone 45 | Weight: 16 <= Limit: 21
  [PASS] Zone 46 | Weight: 16 <= Limit: 21
  [PASS] Zone 47 | Weight: 16 <= Limit: 21
  [PASS] Zone 48 | Weight: 16 <= Limit: 21
  [PASS] Zone 49 | Weight: 16 <= Limit: 21
  [PASS] Zone 50 | Weight: 16 <= Limit: 21
  [PASS] Zone 51 | Weight: 16 <= Limit: 21
  [PASS] Zone 52 | Weight: 16 <= Limit: 21
  [PASS] Zone 53 | Weight: 16 <= Limit: 21
  [PASS] Zone 54 | Weight: 16 <= Limit: 20
  [PASS] Zone 55 | Weight: 16 <= Limit: 21
  [PASS] Zone 56 | Weight: 16 <= Limit: 21
  [PASS] Zone 57 | Weight: 16 <= Limit: 21
  [PASS] Zone 58 | Weight: 16 <= Limit: 21
  [PASS] Zone 59 | Weight: 16 <= Limit: 21
  [PASS] Zone 60 | Weight: 16 <= Limit: 21
  [PASS] Zone 61 | Weight: 16 <= Limit: 21
  [PASS] Zone 62 | Weight: 16 <= Limit: 20
  [PASS] Zone 63 | Weight: 16 <= Limit: 21
  [PASS] Zone 64 | Weight: 16 <= Limit: 21
  [PASS] Zone 65 | Weight: 16 <= Limit: 21
  [PASS] Zone 66 | Weight: 16 <= Limit: 21
  [PASS] Zone 67 | Weight: 16 <= Limit: 21
  [PASS] Zone 68 | Weight: 16 <= Limit: 21
  [PASS] Zone 69 | Weight: 16 <= Limit: 20
  [PASS] Zone 70 | Weight: 16 <= Limit: 20
  [PASS] Zone 71 | Weight: 16 <= Limit: 20
  [PASS] Zone 72 | Weight: 16 <= Limit: 22
  [PASS] Zone 73 | Weight: 16 <= Limit: 22
  [PASS] Zone 74 | Weight: 16 <= Limit: 22
  [PASS] Zone 75 | Weight: 16 <= Limit: 22
  [PASS] Zone 76 | Weight: 16 <= Limit: 22
  [PASS] Zone 77 | Weight: 16 <= Limit: 22
  [PASS] Zone 78 | Weight: 16 <= Limit: 22
  [PASS] Zone 79 | Weight: 16 <= Limit: 22
  [PASS] Zone 80 | Weight: 16 <= Limit: 21
  [PASS] Zone 81 | Weight: 16 <= Limit: 21
  [PASS] Zone 82 | Weight: 16 <= Limit: 21
  [PASS] Zone 83 | Weight: 16 <= Limit: 21
  [PASS] Zone 84 | Weight: 16 <= Limit: 21
  [PASS] Zone 85 | Weight: 16 <= Limit: 20
  [PASS] Zone 86 | Weight: 16 <= Limit: 20
  [PASS] Zone 87 | Weight: 16 <= Limit: 20
  [PASS] Zone 88 | Weight: 16 <= Limit: 22
  [PASS] Zone 89 | Weight: 16 <= Limit: 22
  [PASS] Zone 90 | Weight: 16 <= Limit: 22
  [PASS] Zone 91 | Weight: 16 <= Limit: 22
  [PASS] Zone 92 | Weight: 16 <= Limit: 23
  [PASS] Zone 93 | Weight: 16 <= Limit: 20
  [PASS] Zone 94 | Weight: 16 <= Limit: 20
  [PASS] Zone 95 | Weight: 16 <= Limit: 20
  [PASS] Zone 96 | Weight: 16 <= Limit: 22
  [PASS] Zone 97 | Weight: 16 <= Limit: 21
  [PASS] Zone 98 | Weight: 16 <= Limit: 21
  [PASS] Zone 99 | Weight: 16 <= Limit: 21
  [PASS] Zone 100 | Weight: 16 <= Limit: 20
  [PASS] Zone 101 | Weight: 16 <= Limit: 20
  [PASS] Zone 102 | Weight: 16 <= Limit: 21
  [PASS] Zone 103 | Weight: 16 <= Limit: 20
  [PASS] Zone 104 | Weight: 16 <= Limit: 22
  [PASS] Zone 105 | Weight: 16 <= Limit: 22
  [PASS] Zone 106 | Weight: 16 <= Limit: 23
  [PASS] Zone 107 | Weight: 16 <= Limit: 20
  [PASS] Zone 108 | Weight: 16 <= Limit: 21
  [PASS] Zone 109 | Weight: 16 <= Limit: 21
  [PASS] Zone 110 | Weight: 16 <= Limit: 21
  [PASS] Zone 111 | Weight: 16 <= Limit: 20
  [PASS] Zone 112 | Weight: 16 <= Limit: 22
  [PASS] Zone 113 | Weight: 16 <= Limit: 21
  [PASS] Zone 114 | Weight: 16 <= Limit: 21
  [PASS] Zone 115 | Weight: 16 <= Limit: 21
  [PASS] Zone 116 | Weight: 16 <= Limit: 20
  [PASS] Zone 117 | Weight: 16 <= Limit: 20
  [PASS] Zone 118 | Weight: 16 <= Limit: 20
  [PASS] Zone 119 | Weight: 16 <= Limit: 23
  [PASS] Zone 120 | Weight: 16 <= Limit: 23
  [PASS] Zone 121 | Weight: 16 <= Limit: 23
  [PASS] Zone 122 | Weight: 16 <= Limit: 20
  [PASS] Zone 123 | Weight: 16 <= Limit: 21
  [PASS] Zone 124 | Weight: 16 <= Limit: 20
  [PASS] Zone 125 | Weight: 16 <= Limit: 20
  [PASS] Zone 126 | Weight: 16 <= Limit: 20
  [PASS] Zone 127 | Weight: 16 <= Limit: 20
  [PASS] Zone 128 | Weight: 16 <= Limit: 22
  [PASS] Zone 129 | Weight: 16 <= Limit: 21
  [PASS] Zone 130 | Weight: 16 <= Limit: 21
  [PASS] Zone 131 | Weight: 16 <= Limit: 20
  [PASS] Zone 132 | Weight: 16 <= Limit: 22
  [PASS] Zone 133 | Weight: 16 <= Limit: 22
  [PASS] Zone 134 | Weight: 16 <= Limit: 22
  [PASS] Zone 135 | Weight: 16 <= Limit: 22
  [PASS] Zone 136 | Weight: 16 <= Limit: 23
  [PASS] Zone 137 | Weight: 16 <= Limit: 22
  [PASS] Zone 138 | Weight: 16 <= Limit: 22
  [PASS] Zone 139 | Weight: 16 <= Limit: 21
  [PASS] Zone 140 | Weight: 16 <= Limit: 22
  [PASS] Zone 141 | Weight: 16 <= Limit: 22
  [PASS] Zone 142 | Weight: 16 <= Limit: 22
  [PASS] Zone 143 | Weight: 16 <= Limit: 22
  [PASS] Zone 144 | Weight: 16 <= Limit: 22
  [PASS] Zone 145 | Weight: 16 <= Limit: 21
  [PASS] Zone 146 | Weight: 16 <= Limit: 21
  [PASS] Zone 147 | Weight: 16 <= Limit: 20
  [PASS] Zone 148 | Weight: 16 <= Limit: 22
  [PASS] Zone 149 | Weight: 16 <= Limit: 22
  [PASS] Zone 150 | Weight: 16 <= Limit: 22
  [PASS] Zone 151 | Weight: 16 <= Limit: 22
  [PASS] Zone 152 | Weight: 16 <= Limit: 23
  [PASS] Zone 153 | Weight: 16 <= Limit: 22
  [PASS] Zone 154 | Weight: 16 <= Limit: 22
  [PASS] Zone 155 | Weight: 16 <= Limit: 21
  [PASS] Zone 156 | Weight: 16 <= Limit: 22
  [PASS] Zone 157 | Weight: 16 <= Limit: 22
  [PASS] Zone 158 | Weight: 16 <= Limit: 22
  [PASS] Zone 159 | Weight: 16 <= Limit: 20
  [PASS] Zone 160 | Weight: 16 <= Limit: 22
  [PASS] Zone 161 | Weight: 16 <= Limit: 21
  [PASS] Zone 162 | Weight: 16 <= Limit: 21
  [PASS] Zone 163 | Weight: 16 <= Limit: 20
  [PASS] Zone 164 | Weight: 16 <= Limit: 22
  [PASS] Zone 165 | Weight: 16 <= Limit: 22
  [PASS] Zone 166 | Weight: 16 <= Limit: 23
  [PASS] Zone 167 | Weight: 16 <= Limit: 21
  [PASS] Zone 168 | Weight: 16 <= Limit: 22
  [PASS] Zone 169 | Weight: 16 <= Limit: 22
  [PASS] Zone 170 | Weight: 16 <= Limit: 21
  [PASS] Zone 171 | Weight: 16 <= Limit: 20
  [PASS] Zone 172 | Weight: 16 <= Limit: 22
  [PASS] Zone 173 | Weight: 16 <= Limit: 19
  [PASS] Zone 174 | Weight: 16 <= Limit: 19
  [PASS] Zone 175 | Weight: 16 <= Limit: 19
  [PASS] Zone 176 | Weight: 16 <= Limit: 22
  [PASS] Zone 177 | Weight: 16 <= Limit: 21
  [PASS] Zone 178 | Weight: 16 <= Limit: 21
  [PASS] Zone 179 | Weight: 16 <= Limit: 20
  [PASS] Zone 180 | Weight: 16 <= Limit: 22
  [PASS] Zone 181 | Weight: 16 <= Limit: 22
  [PASS] Zone 182 | Weight: 16 <= Limit: 20
  [PASS] Zone 183 | Weight: 16 <= Limit: 20
  [PASS] Zone 184 | Weight: 16 <= Limit: 22
  [PASS] Zone 185 | Weight: 16 <= Limit: 21
  [PASS] Zone 186 | Weight: 16 <= Limit: 21
  [PASS] Zone 187 | Weight: 16 <= Limit: 23
  [PASS] Zone 188 | Weight: 16 <= Limit: 20
  [PASS] Zone 189 | Weight: 16 <= Limit: 19
  [PASS] Zone 190 | Weight: 16 <= Limit: 18
  [PASS] Zone 191 | Weight: 16 <= Limit: 18
  [PASS] Zone 192 | Weight: 16 <= Limit: 22
  [PASS] Zone 193 | Weight: 16 <= Limit: 21
  [PASS] Zone 194 | Weight: 16 <= Limit: 21
  [PASS] Zone 195 | Weight: 16 <= Limit: 21
  [PASS] Zone 196 | Weight: 16 <= Limit: 22
  [PASS] Zone 197 | Weight: 16 <= Limit: 22
  [PASS] Zone 198 | Weight: 16 <= Limit: 20
  [PASS] Zone 199 | Weight: 16 <= Limit: 20
  [PASS] Zone 200 | Weight: 16 <= Limit: 22
  [PASS] Zone 201 | Weight: 16 <= Limit: 21
  [PASS] Zone 202 | Weight: 16 <= Limit: 22
  [PASS] Zone 203 | Weight: 16 <= Limit: 19
  [PASS] Zone 204 | Weight: 16 <= Limit: 18
  [PASS] Zone 205 | Weight: 16 <= Limit: 17
  [PASS] Zone 206 | Weight: 16 <= Limit: 20
  [PASS] Zone 207 | Weight: 16 <= Limit: 19
  [PASS] Zone 208 | Weight: 16 <= Limit: 22
  [PASS] Zone 209 | Weight: 16 <= Limit: 21
  [PASS] Zone 210 | Weight: 16 <= Limit: 21
  [PASS] Zone 211 | Weight: 16 <= Limit: 21
  [PASS] Zone 212 | Weight: 16 <= Limit: 22
  [PASS] Zone 213 | Weight: 16 <= Limit: 20
  [PASS] Zone 214 | Weight: 16 <= Limit: 20
  [PASS] Zone 215 | Weight: 16 <= Limit: 19
  [PASS] Zone 216 | Weight: 16 <= Limit: 22
  [PASS] Zone 217 | Weight: 16 <= Limit: 21
  [PASS] Zone 218 | Weight: 16 <= Limit: 20
  [PASS] Zone 219 | Weight: 16 <= Limit: 18
  [PASS] Zone 220 | Weight: 16 <= Limit: 18
  [PASS] Zone 221 | Weight: 16 <= Limit: 17
  [PASS] Zone 222 | Weight: 16 <= Limit: 20
  [PASS] Zone 223 | Weight: 16 <= Limit: 19
  [PASS] Zone 224 | Weight: 16 <= Limit: 22
  [PASS] Zone 225 | Weight: 16 <= Limit: 22
  [PASS] Zone 226 | Weight: 16 <= Limit: 21
  [PASS] Zone 227 | Weight: 16 <= Limit: 21
  [PASS] Zone 228 | Weight: 16 <= Limit: 22
  [PASS] Zone 229 | Weight: 16 <= Limit: 21
  [PASS] Zone 230 | Weight: 16 <= Limit: 20
  [PASS] Zone 231 | Weight: 16 <= Limit: 19
  [PASS] Zone 232 | Weight: 16 <= Limit: 22
  [PASS] Zone 233 | Weight: 16 <= Limit: 22
  [PASS] Zone 234 | Weight: 16 <= Limit: 19
  [PASS] Zone 235 | Weight: 16 <= Limit: 18
  [PASS] Zone 236 | Weight: 16 <= Limit: 18
  [PASS] Zone 237 | Weight: 16 <= Limit: 18
  [PASS] Zone 238 | Weight: 16 <= Limit: 20
  [PASS] Zone 239 | Weight: 16 <= Limit: 19
  [PASS] Zone 240 | Weight: 16 <= Limit: 22
  [PASS] Zone 241 | Weight: 16 <= Limit: 22
  [PASS] Zone 242 | Weight: 16 <= Limit: 21
  [PASS] Zone 243 | Weight: 16 <= Limit: 21
  [PASS] Zone 244 | Weight: 16 <= Limit: 23
  [PASS] Zone 245 | Weight: 16 <= Limit: 21
  [PASS] Zone 246 | Weight: 16 <= Limit: 19
  [PASS] Zone 247 | Weight: 16 <= Limit: 19
  [PASS] Zone 248 | Weight: 16 <= Limit: 22
  [PASS] Zone 249 | Weight: 16 <= Limit: 20
  [PASS] Zone 250 | Weight: 16 <= Limit: 18
  [PASS] Zone 251 | Weight: 16 <= Limit: 18
  [PASS] Zone 252 | Weight: 16 <= Limit: 18
  [PASS] Zone 253 | Weight: 16 <= Limit: 18
  [PASS] Zone 254 | Weight: 16 <= Limit: 19
  [PASS] Zone 255 | Weight: 16 <= Limit: 23

Exit Edge Detected: g71 -> g79
  [PASS] Zone 0 | Weight: 16 <= Limit: 21
  [PASS] Zone 1 | Weight: 16 <= Limit: 21
  [PASS] Zone 2 | Weight: 16 <= Limit: 21
  [PASS] Zone 3 | Weight: 16 <= Limit: 21
  [PASS] Zone 4 | Weight: 16 <= Limit: 21
  [PASS] Zone 5 | Weight: 16 <= Limit: 21
  [PASS] Zone 6 | Weight: 16 <= Limit: 22
  [PASS] Zone 7 | Weight: 16 <= Limit: 22
  [PASS] Zone 8 | Weight: 16 <= Limit: 22
  [PASS] Zone 9 | Weight: 16 <= Limit: 22
  [PASS] Zone 10 | Weight: 16 <= Limit: 22
  [PASS] Zone 11 | Weight: 16 <= Limit: 22
  [PASS] Zone 12 | Weight: 16 <= Limit: 22
  [PASS] Zone 13 | Weight: 16 <= Limit: 22
  [PASS] Zone 14 | Weight: 16 <= Limit: 22
  [PASS] Zone 15 | Weight: 16 <= Limit: 22
  [PASS] Zone 16 | Weight: 16 <= Limit: 21
  [PASS] Zone 17 | Weight: 16 <= Limit: 21
  [PASS] Zone 18 | Weight: 16 <= Limit: 21
  [PASS] Zone 19 | Weight: 16 <= Limit: 21
  [PASS] Zone 20 | Weight: 16 <= Limit: 21
  [PASS] Zone 21 | Weight: 16 <= Limit: 21
  [PASS] Zone 22 | Weight: 16 <= Limit: 21
  [PASS] Zone 23 | Weight: 16 <= Limit: 22
  [PASS] Zone 24 | Weight: 16 <= Limit: 22
  [PASS] Zone 25 | Weight: 16 <= Limit: 22
  [PASS] Zone 26 | Weight: 16 <= Limit: 22
  [PASS] Zone 27 | Weight: 16 <= Limit: 22
  [PASS] Zone 28 | Weight: 16 <= Limit: 22
  [PASS] Zone 29 | Weight: 16 <= Limit: 22
  [PASS] Zone 30 | Weight: 16 <= Limit: 22
  [PASS] Zone 31 | Weight: 16 <= Limit: 22
  [PASS] Zone 32 | Weight: 16 <= Limit: 21
  [PASS] Zone 33 | Weight: 16 <= Limit: 21
  [PASS] Zone 34 | Weight: 16 <= Limit: 21
  [PASS] Zone 35 | Weight: 16 <= Limit: 21
  [PASS] Zone 36 | Weight: 16 <= Limit: 21
  [PASS] Zone 37 | Weight: 16 <= Limit: 21
  [PASS] Zone 38 | Weight: 16 <= Limit: 21
  [PASS] Zone 39 | Weight: 16 <= Limit: 21
  [PASS] Zone 40 | Weight: 16 <= Limit: 21
  [PASS] Zone 41 | Weight: 16 <= Limit: 21
  [PASS] Zone 42 | Weight: 16 <= Limit: 21
  [PASS] Zone 43 | Weight: 16 <= Limit: 21
  [PASS] Zone 44 | Weight: 16 <= Limit: 21
  [PASS] Zone 45 | Weight: 16 <= Limit: 21
  [PASS] Zone 46 | Weight: 16 <= Limit: 21
  [PASS] Zone 47 | Weight: 16 <= Limit: 21
  [PASS] Zone 48 | Weight: 16 <= Limit: 21
  [PASS] Zone 49 | Weight: 16 <= Limit: 21
  [PASS] Zone 50 | Weight: 16 <= Limit: 21
  [PASS] Zone 51 | Weight: 16 <= Limit: 21
  [PASS] Zone 52 | Weight: 16 <= Limit: 21
  [PASS] Zone 53 | Weight: 16 <= Limit: 21
  [PASS] Zone 54 | Weight: 16 <= Limit: 20
  [PASS] Zone 55 | Weight: 16 <= Limit: 21
  [PASS] Zone 56 | Weight: 16 <= Limit: 21
  [PASS] Zone 57 | Weight: 16 <= Limit: 21
  [PASS] Zone 58 | Weight: 16 <= Limit: 21
  [PASS] Zone 59 | Weight: 16 <= Limit: 21
  [PASS] Zone 60 | Weight: 16 <= Limit: 21
  [PASS] Zone 61 | Weight: 16 <= Limit: 21
  [PASS] Zone 62 | Weight: 16 <= Limit: 20
  [PASS] Zone 63 | Weight: 16 <= Limit: 21
  [PASS] Zone 64 | Weight: 16 <= Limit: 21
  [PASS] Zone 65 | Weight: 16 <= Limit: 21
  [PASS] Zone 66 | Weight: 16 <= Limit: 21
  [PASS] Zone 67 | Weight: 16 <= Limit: 21
  [PASS] Zone 68 | Weight: 16 <= Limit: 21
  [PASS] Zone 69 | Weight: 16 <= Limit: 20
  [PASS] Zone 70 | Weight: 16 <= Limit: 20
  [PASS] Zone 71 | Weight: 16 <= Limit: 20
  [PASS] Zone 72 | Weight: 16 <= Limit: 22
  [PASS] Zone 73 | Weight: 16 <= Limit: 22
  [PASS] Zone 74 | Weight: 16 <= Limit: 22
  [PASS] Zone 75 | Weight: 16 <= Limit: 22
  [PASS] Zone 76 | Weight: 16 <= Limit: 22
  [PASS] Zone 77 | Weight: 16 <= Limit: 22
  [PASS] Zone 78 | Weight: 16 <= Limit: 22
  [PASS] Zone 79 | Weight: 16 <= Limit: 22
  [PASS] Zone 80 | Weight: 16 <= Limit: 21
  [PASS] Zone 81 | Weight: 16 <= Limit: 21
  [PASS] Zone 82 | Weight: 16 <= Limit: 21
  [PASS] Zone 83 | Weight: 16 <= Limit: 21
  [PASS] Zone 84 | Weight: 16 <= Limit: 21
  [PASS] Zone 85 | Weight: 16 <= Limit: 20
  [PASS] Zone 86 | Weight: 16 <= Limit: 20
  [PASS] Zone 87 | Weight: 16 <= Limit: 20
  [PASS] Zone 88 | Weight: 16 <= Limit: 22
  [PASS] Zone 89 | Weight: 16 <= Limit: 22
  [PASS] Zone 90 | Weight: 16 <= Limit: 22
  [PASS] Zone 91 | Weight: 16 <= Limit: 22
  [PASS] Zone 92 | Weight: 16 <= Limit: 23
  [PASS] Zone 93 | Weight: 16 <= Limit: 20
  [PASS] Zone 94 | Weight: 16 <= Limit: 20
  [PASS] Zone 95 | Weight: 16 <= Limit: 20
  [PASS] Zone 96 | Weight: 16 <= Limit: 22
  [PASS] Zone 97 | Weight: 16 <= Limit: 21
  [PASS] Zone 98 | Weight: 16 <= Limit: 21
  [PASS] Zone 99 | Weight: 16 <= Limit: 21
  [PASS] Zone 100 | Weight: 16 <= Limit: 20
  [PASS] Zone 101 | Weight: 16 <= Limit: 20
  [PASS] Zone 102 | Weight: 16 <= Limit: 21
  [PASS] Zone 103 | Weight: 16 <= Limit: 20
  [PASS] Zone 104 | Weight: 16 <= Limit: 22
  [PASS] Zone 105 | Weight: 16 <= Limit: 22
  [PASS] Zone 106 | Weight: 16 <= Limit: 23
  [PASS] Zone 107 | Weight: 16 <= Limit: 20
  [PASS] Zone 108 | Weight: 16 <= Limit: 21
  [PASS] Zone 109 | Weight: 16 <= Limit: 21
  [PASS] Zone 110 | Weight: 16 <= Limit: 21
  [PASS] Zone 111 | Weight: 16 <= Limit: 20
  [PASS] Zone 112 | Weight: 16 <= Limit: 22
  [PASS] Zone 113 | Weight: 16 <= Limit: 21
  [PASS] Zone 114 | Weight: 16 <= Limit: 21
  [PASS] Zone 115 | Weight: 16 <= Limit: 21
  [PASS] Zone 116 | Weight: 16 <= Limit: 20
  [PASS] Zone 117 | Weight: 16 <= Limit: 20
  [PASS] Zone 118 | Weight: 16 <= Limit: 20
  [PASS] Zone 119 | Weight: 16 <= Limit: 23
  [PASS] Zone 120 | Weight: 16 <= Limit: 23
  [PASS] Zone 121 | Weight: 16 <= Limit: 23
  [PASS] Zone 122 | Weight: 16 <= Limit: 20
  [PASS] Zone 123 | Weight: 16 <= Limit: 21
  [PASS] Zone 124 | Weight: 16 <= Limit: 20
  [PASS] Zone 125 | Weight: 16 <= Limit: 20
  [PASS] Zone 126 | Weight: 16 <= Limit: 20
  [PASS] Zone 127 | Weight: 16 <= Limit: 20
  [PASS] Zone 128 | Weight: 16 <= Limit: 22
  [PASS] Zone 129 | Weight: 16 <= Limit: 21
  [PASS] Zone 130 | Weight: 16 <= Limit: 21
  [PASS] Zone 131 | Weight: 16 <= Limit: 20
  [PASS] Zone 132 | Weight: 16 <= Limit: 22
  [PASS] Zone 133 | Weight: 16 <= Limit: 22
  [PASS] Zone 134 | Weight: 16 <= Limit: 22
  [PASS] Zone 135 | Weight: 16 <= Limit: 22
  [PASS] Zone 136 | Weight: 16 <= Limit: 23
  [PASS] Zone 137 | Weight: 16 <= Limit: 22
  [PASS] Zone 138 | Weight: 16 <= Limit: 22
  [PASS] Zone 139 | Weight: 16 <= Limit: 21
  [PASS] Zone 140 | Weight: 16 <= Limit: 22
  [PASS] Zone 141 | Weight: 16 <= Limit: 22
  [PASS] Zone 142 | Weight: 16 <= Limit: 22
  [PASS] Zone 143 | Weight: 16 <= Limit: 22
  [PASS] Zone 144 | Weight: 16 <= Limit: 22
  [PASS] Zone 145 | Weight: 16 <= Limit: 21
  [PASS] Zone 146 | Weight: 16 <= Limit: 21
  [PASS] Zone 147 | Weight: 16 <= Limit: 20
  [PASS] Zone 148 | Weight: 16 <= Limit: 22
  [PASS] Zone 149 | Weight: 16 <= Limit: 22
  [PASS] Zone 150 | Weight: 16 <= Limit: 22
  [PASS] Zone 151 | Weight: 16 <= Limit: 22
  [PASS] Zone 152 | Weight: 16 <= Limit: 23
  [PASS] Zone 153 | Weight: 16 <= Limit: 22
  [PASS] Zone 154 | Weight: 16 <= Limit: 22
  [PASS] Zone 155 | Weight: 16 <= Limit: 21
  [PASS] Zone 156 | Weight: 16 <= Limit: 22
  [PASS] Zone 157 | Weight: 16 <= Limit: 22
  [PASS] Zone 158 | Weight: 16 <= Limit: 22
  [PASS] Zone 159 | Weight: 16 <= Limit: 20
  [PASS] Zone 160 | Weight: 16 <= Limit: 22
  [PASS] Zone 161 | Weight: 16 <= Limit: 21
  [PASS] Zone 162 | Weight: 16 <= Limit: 21
  [PASS] Zone 163 | Weight: 16 <= Limit: 20
  [PASS] Zone 164 | Weight: 16 <= Limit: 22
  [PASS] Zone 165 | Weight: 16 <= Limit: 22
  [PASS] Zone 166 | Weight: 16 <= Limit: 23
  [PASS] Zone 167 | Weight: 16 <= Limit: 21
  [PASS] Zone 168 | Weight: 16 <= Limit: 22
  [PASS] Zone 169 | Weight: 16 <= Limit: 22
  [PASS] Zone 170 | Weight: 16 <= Limit: 21
  [PASS] Zone 171 | Weight: 16 <= Limit: 20
  [PASS] Zone 172 | Weight: 16 <= Limit: 22
  [PASS] Zone 173 | Weight: 16 <= Limit: 19
  [PASS] Zone 174 | Weight: 16 <= Limit: 19
  [PASS] Zone 175 | Weight: 16 <= Limit: 19
  [PASS] Zone 176 | Weight: 16 <= Limit: 22
  [PASS] Zone 177 | Weight: 16 <= Limit: 21
  [PASS] Zone 178 | Weight: 16 <= Limit: 21
  [PASS] Zone 179 | Weight: 16 <= Limit: 20
  [PASS] Zone 180 | Weight: 16 <= Limit: 22
  [PASS] Zone 181 | Weight: 16 <= Limit: 22
  [PASS] Zone 182 | Weight: 16 <= Limit: 20
  [PASS] Zone 183 | Weight: 16 <= Limit: 20
  [PASS] Zone 184 | Weight: 16 <= Limit: 22
  [PASS] Zone 185 | Weight: 16 <= Limit: 21
  [PASS] Zone 186 | Weight: 16 <= Limit: 21
  [PASS] Zone 187 | Weight: 16 <= Limit: 23
  [PASS] Zone 188 | Weight: 16 <= Limit: 20
  [PASS] Zone 189 | Weight: 16 <= Limit: 19
  [PASS] Zone 190 | Weight: 16 <= Limit: 18
  [PASS] Zone 191 | Weight: 16 <= Limit: 18
  [PASS] Zone 192 | Weight: 16 <= Limit: 22
  [PASS] Zone 193 | Weight: 16 <= Limit: 21
  [PASS] Zone 194 | Weight: 16 <= Limit: 21
  [PASS] Zone 195 | Weight: 16 <= Limit: 21
  [PASS] Zone 196 | Weight: 16 <= Limit: 22
  [PASS] Zone 197 | Weight: 16 <= Limit: 22
  [PASS] Zone 198 | Weight: 16 <= Limit: 20
  [PASS] Zone 199 | Weight: 16 <= Limit: 20
  [PASS] Zone 200 | Weight: 16 <= Limit: 22
  [PASS] Zone 201 | Weight: 16 <= Limit: 21
  [PASS] Zone 202 | Weight: 16 <= Limit: 22
  [PASS] Zone 203 | Weight: 16 <= Limit: 19
  [PASS] Zone 204 | Weight: 16 <= Limit: 18
  [PASS] Zone 205 | Weight: 16 <= Limit: 17
  [PASS] Zone 206 | Weight: 16 <= Limit: 20
  [PASS] Zone 207 | Weight: 16 <= Limit: 19
  [PASS] Zone 208 | Weight: 16 <= Limit: 22
  [PASS] Zone 209 | Weight: 16 <= Limit: 21
  [PASS] Zone 210 | Weight: 16 <= Limit: 21
  [PASS] Zone 211 | Weight: 16 <= Limit: 21
  [PASS] Zone 212 | Weight: 16 <= Limit: 22
  [PASS] Zone 213 | Weight: 16 <= Limit: 20
  [PASS] Zone 214 | Weight: 16 <= Limit: 20
  [PASS] Zone 215 | Weight: 16 <= Limit: 19
  [PASS] Zone 216 | Weight: 16 <= Limit: 22
  [PASS] Zone 217 | Weight: 16 <= Limit: 21
  [PASS] Zone 218 | Weight: 16 <= Limit: 20
  [PASS] Zone 219 | Weight: 16 <= Limit: 18
  [PASS] Zone 220 | Weight: 16 <= Limit: 18
  [PASS] Zone 221 | Weight: 16 <= Limit: 17
  [PASS] Zone 222 | Weight: 16 <= Limit: 20
  [PASS] Zone 223 | Weight: 16 <= Limit: 19
  [PASS] Zone 224 | Weight: 16 <= Limit: 22
  [PASS] Zone 225 | Weight: 16 <= Limit: 22
  [PASS] Zone 226 | Weight: 16 <= Limit: 21
  [PASS] Zone 227 | Weight: 16 <= Limit: 21
  [PASS] Zone 228 | Weight: 16 <= Limit: 22
  [PASS] Zone 229 | Weight: 16 <= Limit: 21
  [PASS] Zone 230 | Weight: 16 <= Limit: 20
  [PASS] Zone 231 | Weight: 16 <= Limit: 19
  [PASS] Zone 232 | Weight: 16 <= Limit: 22
  [PASS] Zone 233 | Weight: 16 <= Limit: 22
  [PASS] Zone 234 | Weight: 16 <= Limit: 19
  [PASS] Zone 235 | Weight: 16 <= Limit: 18
  [PASS] Zone 236 | Weight: 16 <= Limit: 18
  [PASS] Zone 237 | Weight: 16 <= Limit: 18
  [PASS] Zone 238 | Weight: 16 <= Limit: 20
  [PASS] Zone 239 | Weight: 16 <= Limit: 19
  [PASS] Zone 240 | Weight: 16 <= Limit: 22
  [PASS] Zone 241 | Weight: 16 <= Limit: 22
  [PASS] Zone 242 | Weight: 16 <= Limit: 21
  [PASS] Zone 243 | Weight: 16 <= Limit: 21
  [PASS] Zone 244 | Weight: 16 <= Limit: 23
  [PASS] Zone 245 | Weight: 16 <= Limit: 21
  [PASS] Zone 246 | Weight: 16 <= Limit: 19
  [PASS] Zone 247 | Weight: 16 <= Limit: 19
  [PASS] Zone 248 | Weight: 16 <= Limit: 22
  [PASS] Zone 249 | Weight: 16 <= Limit: 20
  [PASS] Zone 250 | Weight: 16 <= Limit: 18
  [PASS] Zone 251 | Weight: 16 <= Limit: 18
  [PASS] Zone 252 | Weight: 16 <= Limit: 18
  [PASS] Zone 253 | Weight: 16 <= Limit: 18
  [PASS] Zone 254 | Weight: 16 <= Limit: 19
  [PASS] Zone 255 | Weight: 16 <= Limit: 23

Exit Edge Detected: g80 -> g86
  [PASS] Zone 0 | Weight: 8 <= Limit: 21
  [PASS] Zone 1 | Weight: 8 <= Limit: 21
  [PASS] Zone 2 | Weight: 8 <= Limit: 21
  [PASS] Zone 3 | Weight: 8 <= Limit: 21
  [PASS] Zone 4 | Weight: 8 <= Limit: 21
  [PASS] Zone 5 | Weight: 8 <= Limit: 21
  [PASS] Zone 6 | Weight: 8 <= Limit: 22
  [PASS] Zone 7 | Weight: 8 <= Limit: 22
  [PASS] Zone 8 | Weight: 8 <= Limit: 22
  [PASS] Zone 9 | Weight: 8 <= Limit: 22
  [PASS] Zone 10 | Weight: 8 <= Limit: 22
  [PASS] Zone 11 | Weight: 8 <= Limit: 22
  [PASS] Zone 12 | Weight: 8 <= Limit: 22
  [PASS] Zone 13 | Weight: 8 <= Limit: 22
  [PASS] Zone 14 | Weight: 8 <= Limit: 22
  [PASS] Zone 15 | Weight: 8 <= Limit: 22
  [PASS] Zone 16 | Weight: 8 <= Limit: 21
  [PASS] Zone 17 | Weight: 8 <= Limit: 21
  [PASS] Zone 18 | Weight: 8 <= Limit: 21
  [PASS] Zone 19 | Weight: 8 <= Limit: 21
  [PASS] Zone 20 | Weight: 8 <= Limit: 21
  [PASS] Zone 21 | Weight: 8 <= Limit: 21
  [PASS] Zone 22 | Weight: 8 <= Limit: 21
  [PASS] Zone 23 | Weight: 8 <= Limit: 22
  [PASS] Zone 24 | Weight: 8 <= Limit: 22
  [PASS] Zone 25 | Weight: 8 <= Limit: 22
  [PASS] Zone 26 | Weight: 8 <= Limit: 22
  [PASS] Zone 27 | Weight: 8 <= Limit: 22
  [PASS] Zone 28 | Weight: 8 <= Limit: 22
  [PASS] Zone 29 | Weight: 8 <= Limit: 22
  [PASS] Zone 30 | Weight: 8 <= Limit: 22
  [PASS] Zone 31 | Weight: 8 <= Limit: 22
  [PASS] Zone 32 | Weight: 8 <= Limit: 21
  [PASS] Zone 33 | Weight: 8 <= Limit: 21
  [PASS] Zone 34 | Weight: 8 <= Limit: 21
  [PASS] Zone 35 | Weight: 8 <= Limit: 21
  [PASS] Zone 36 | Weight: 8 <= Limit: 21
  [PASS] Zone 37 | Weight: 8 <= Limit: 21
  [PASS] Zone 38 | Weight: 8 <= Limit: 21
  [PASS] Zone 39 | Weight: 8 <= Limit: 21
  [PASS] Zone 40 | Weight: 8 <= Limit: 21
  [PASS] Zone 41 | Weight: 8 <= Limit: 21
  [PASS] Zone 42 | Weight: 8 <= Limit: 21
  [PASS] Zone 43 | Weight: 8 <= Limit: 21
  [PASS] Zone 44 | Weight: 8 <= Limit: 21
  [PASS] Zone 45 | Weight: 8 <= Limit: 21
  [PASS] Zone 46 | Weight: 8 <= Limit: 21
  [PASS] Zone 47 | Weight: 8 <= Limit: 21
  [PASS] Zone 48 | Weight: 8 <= Limit: 21
  [PASS] Zone 49 | Weight: 8 <= Limit: 21
  [PASS] Zone 50 | Weight: 8 <= Limit: 21
  [PASS] Zone 51 | Weight: 8 <= Limit: 21
  [PASS] Zone 52 | Weight: 8 <= Limit: 21
  [PASS] Zone 53 | Weight: 8 <= Limit: 21
  [PASS] Zone 54 | Weight: 8 <= Limit: 20
  [PASS] Zone 55 | Weight: 8 <= Limit: 21
  [PASS] Zone 56 | Weight: 8 <= Limit: 21
  [PASS] Zone 57 | Weight: 8 <= Limit: 21
  [PASS] Zone 58 | Weight: 8 <= Limit: 21
  [PASS] Zone 59 | Weight: 8 <= Limit: 21
  [PASS] Zone 60 | Weight: 8 <= Limit: 21
  [PASS] Zone 61 | Weight: 8 <= Limit: 21
  [PASS] Zone 62 | Weight: 8 <= Limit: 20
  [PASS] Zone 63 | Weight: 8 <= Limit: 21
  [PASS] Zone 64 | Weight: 8 <= Limit: 21
  [PASS] Zone 65 | Weight: 8 <= Limit: 21
  [PASS] Zone 66 | Weight: 8 <= Limit: 21
  [PASS] Zone 67 | Weight: 8 <= Limit: 21
  [PASS] Zone 68 | Weight: 8 <= Limit: 21
  [PASS] Zone 69 | Weight: 8 <= Limit: 20
  [PASS] Zone 70 | Weight: 8 <= Limit: 20
  [PASS] Zone 71 | Weight: 8 <= Limit: 20
  [PASS] Zone 72 | Weight: 8 <= Limit: 22
  [PASS] Zone 73 | Weight: 8 <= Limit: 22
  [PASS] Zone 74 | Weight: 8 <= Limit: 22
  [PASS] Zone 75 | Weight: 8 <= Limit: 22
  [PASS] Zone 76 | Weight: 8 <= Limit: 22
  [PASS] Zone 77 | Weight: 8 <= Limit: 22
  [PASS] Zone 78 | Weight: 8 <= Limit: 22
  [PASS] Zone 79 | Weight: 8 <= Limit: 22
  [PASS] Zone 80 | Weight: 8 <= Limit: 21
  [PASS] Zone 81 | Weight: 8 <= Limit: 21
  [PASS] Zone 82 | Weight: 8 <= Limit: 21
  [PASS] Zone 83 | Weight: 8 <= Limit: 21
  [PASS] Zone 84 | Weight: 8 <= Limit: 21
  [PASS] Zone 85 | Weight: 8 <= Limit: 20
  [PASS] Zone 86 | Weight: 8 <= Limit: 20
  [PASS] Zone 87 | Weight: 8 <= Limit: 20
  [PASS] Zone 88 | Weight: 8 <= Limit: 22
  [PASS] Zone 89 | Weight: 8 <= Limit: 22
  [PASS] Zone 90 | Weight: 8 <= Limit: 22
  [PASS] Zone 91 | Weight: 8 <= Limit: 22
  [PASS] Zone 92 | Weight: 8 <= Limit: 23
  [PASS] Zone 93 | Weight: 8 <= Limit: 20
  [PASS] Zone 94 | Weight: 8 <= Limit: 20
  [PASS] Zone 95 | Weight: 8 <= Limit: 20
  [PASS] Zone 96 | Weight: 8 <= Limit: 22
  [PASS] Zone 97 | Weight: 8 <= Limit: 21
  [PASS] Zone 98 | Weight: 8 <= Limit: 21
  [PASS] Zone 99 | Weight: 8 <= Limit: 21
  [PASS] Zone 100 | Weight: 8 <= Limit: 20
  [PASS] Zone 101 | Weight: 8 <= Limit: 20
  [PASS] Zone 102 | Weight: 8 <= Limit: 21
  [PASS] Zone 103 | Weight: 8 <= Limit: 20
  [PASS] Zone 104 | Weight: 8 <= Limit: 22
  [PASS] Zone 105 | Weight: 8 <= Limit: 22
  [PASS] Zone 106 | Weight: 8 <= Limit: 23
  [PASS] Zone 107 | Weight: 8 <= Limit: 20
  [PASS] Zone 108 | Weight: 8 <= Limit: 21
  [PASS] Zone 109 | Weight: 8 <= Limit: 21
  [PASS] Zone 110 | Weight: 8 <= Limit: 21
  [PASS] Zone 111 | Weight: 8 <= Limit: 20
  [PASS] Zone 112 | Weight: 8 <= Limit: 22
  [PASS] Zone 113 | Weight: 8 <= Limit: 21
  [PASS] Zone 114 | Weight: 8 <= Limit: 21
  [PASS] Zone 115 | Weight: 8 <= Limit: 21
  [PASS] Zone 116 | Weight: 8 <= Limit: 20
  [PASS] Zone 117 | Weight: 8 <= Limit: 20
  [PASS] Zone 118 | Weight: 8 <= Limit: 20
  [PASS] Zone 119 | Weight: 8 <= Limit: 23
  [PASS] Zone 120 | Weight: 8 <= Limit: 23
  [PASS] Zone 121 | Weight: 8 <= Limit: 23
  [PASS] Zone 122 | Weight: 8 <= Limit: 20
  [PASS] Zone 123 | Weight: 8 <= Limit: 21
  [PASS] Zone 124 | Weight: 8 <= Limit: 20
  [PASS] Zone 125 | Weight: 8 <= Limit: 20
  [PASS] Zone 126 | Weight: 8 <= Limit: 20
  [PASS] Zone 127 | Weight: 8 <= Limit: 20
  [PASS] Zone 128 | Weight: 8 <= Limit: 22
  [PASS] Zone 129 | Weight: 8 <= Limit: 21
  [PASS] Zone 130 | Weight: 8 <= Limit: 21
  [PASS] Zone 131 | Weight: 8 <= Limit: 20
  [PASS] Zone 132 | Weight: 8 <= Limit: 22
  [PASS] Zone 133 | Weight: 8 <= Limit: 22
  [PASS] Zone 134 | Weight: 8 <= Limit: 22
  [PASS] Zone 135 | Weight: 8 <= Limit: 22
  [PASS] Zone 136 | Weight: 8 <= Limit: 23
  [PASS] Zone 137 | Weight: 8 <= Limit: 22
  [PASS] Zone 138 | Weight: 8 <= Limit: 22
  [PASS] Zone 139 | Weight: 8 <= Limit: 21
  [PASS] Zone 140 | Weight: 8 <= Limit: 22
  [PASS] Zone 141 | Weight: 8 <= Limit: 22
  [PASS] Zone 142 | Weight: 8 <= Limit: 22
  [PASS] Zone 143 | Weight: 8 <= Limit: 22
  [PASS] Zone 144 | Weight: 8 <= Limit: 22
  [PASS] Zone 145 | Weight: 8 <= Limit: 21
  [PASS] Zone 146 | Weight: 8 <= Limit: 21
  [PASS] Zone 147 | Weight: 8 <= Limit: 20
  [PASS] Zone 148 | Weight: 8 <= Limit: 22
  [PASS] Zone 149 | Weight: 8 <= Limit: 22
  [PASS] Zone 150 | Weight: 8 <= Limit: 22
  [PASS] Zone 151 | Weight: 8 <= Limit: 22
  [PASS] Zone 152 | Weight: 8 <= Limit: 23
  [PASS] Zone 153 | Weight: 8 <= Limit: 22
  [PASS] Zone 154 | Weight: 8 <= Limit: 22
  [PASS] Zone 155 | Weight: 8 <= Limit: 21
  [PASS] Zone 156 | Weight: 8 <= Limit: 22
  [PASS] Zone 157 | Weight: 8 <= Limit: 22
  [PASS] Zone 158 | Weight: 8 <= Limit: 22
  [PASS] Zone 159 | Weight: 8 <= Limit: 20
  [PASS] Zone 160 | Weight: 8 <= Limit: 22
  [PASS] Zone 161 | Weight: 8 <= Limit: 21
  [PASS] Zone 162 | Weight: 8 <= Limit: 21
  [PASS] Zone 163 | Weight: 8 <= Limit: 20
  [PASS] Zone 164 | Weight: 8 <= Limit: 22
  [PASS] Zone 165 | Weight: 8 <= Limit: 22
  [PASS] Zone 166 | Weight: 8 <= Limit: 23
  [PASS] Zone 167 | Weight: 8 <= Limit: 21
  [PASS] Zone 168 | Weight: 8 <= Limit: 22
  [PASS] Zone 169 | Weight: 8 <= Limit: 22
  [PASS] Zone 170 | Weight: 8 <= Limit: 21
  [PASS] Zone 171 | Weight: 8 <= Limit: 20
  [PASS] Zone 172 | Weight: 8 <= Limit: 22
  [PASS] Zone 173 | Weight: 8 <= Limit: 19
  [PASS] Zone 174 | Weight: 8 <= Limit: 19
  [PASS] Zone 175 | Weight: 8 <= Limit: 19
  [PASS] Zone 176 | Weight: 8 <= Limit: 22
  [PASS] Zone 177 | Weight: 8 <= Limit: 21
  [PASS] Zone 178 | Weight: 8 <= Limit: 21
  [PASS] Zone 179 | Weight: 8 <= Limit: 20
  [PASS] Zone 180 | Weight: 8 <= Limit: 22
  [PASS] Zone 181 | Weight: 8 <= Limit: 22
  [PASS] Zone 182 | Weight: 8 <= Limit: 20
  [PASS] Zone 183 | Weight: 8 <= Limit: 20
  [PASS] Zone 184 | Weight: 8 <= Limit: 22
  [PASS] Zone 185 | Weight: 8 <= Limit: 21
  [PASS] Zone 186 | Weight: 8 <= Limit: 21
  [PASS] Zone 187 | Weight: 8 <= Limit: 23
  [PASS] Zone 188 | Weight: 8 <= Limit: 20
  [PASS] Zone 189 | Weight: 8 <= Limit: 19
  [PASS] Zone 190 | Weight: 8 <= Limit: 18
  [PASS] Zone 191 | Weight: 8 <= Limit: 18
  [PASS] Zone 192 | Weight: 8 <= Limit: 22
  [PASS] Zone 193 | Weight: 8 <= Limit: 21
  [PASS] Zone 194 | Weight: 8 <= Limit: 21
  [PASS] Zone 195 | Weight: 8 <= Limit: 21
  [PASS] Zone 196 | Weight: 8 <= Limit: 22
  [PASS] Zone 197 | Weight: 8 <= Limit: 22
  [PASS] Zone 198 | Weight: 8 <= Limit: 20
  [PASS] Zone 199 | Weight: 8 <= Limit: 20
  [PASS] Zone 200 | Weight: 8 <= Limit: 22
  [PASS] Zone 201 | Weight: 8 <= Limit: 21
  [PASS] Zone 202 | Weight: 8 <= Limit: 22
  [PASS] Zone 203 | Weight: 8 <= Limit: 19
  [PASS] Zone 204 | Weight: 8 <= Limit: 18
  [PASS] Zone 205 | Weight: 8 <= Limit: 17
  [PASS] Zone 206 | Weight: 8 <= Limit: 20
  [PASS] Zone 207 | Weight: 8 <= Limit: 19
  [PASS] Zone 208 | Weight: 8 <= Limit: 22
  [PASS] Zone 209 | Weight: 8 <= Limit: 21
  [PASS] Zone 210 | Weight: 8 <= Limit: 21
  [PASS] Zone 211 | Weight: 8 <= Limit: 21
  [PASS] Zone 212 | Weight: 8 <= Limit: 22
  [PASS] Zone 213 | Weight: 8 <= Limit: 20
  [PASS] Zone 214 | Weight: 8 <= Limit: 20
  [PASS] Zone 215 | Weight: 8 <= Limit: 19
  [PASS] Zone 216 | Weight: 8 <= Limit: 22
  [PASS] Zone 217 | Weight: 8 <= Limit: 21
  [PASS] Zone 218 | Weight: 8 <= Limit: 20
  [PASS] Zone 219 | Weight: 8 <= Limit: 18
  [PASS] Zone 220 | Weight: 8 <= Limit: 18
  [PASS] Zone 221 | Weight: 8 <= Limit: 17
  [PASS] Zone 222 | Weight: 8 <= Limit: 20
  [PASS] Zone 223 | Weight: 8 <= Limit: 19
  [PASS] Zone 224 | Weight: 8 <= Limit: 22
  [PASS] Zone 225 | Weight: 8 <= Limit: 22
  [PASS] Zone 226 | Weight: 8 <= Limit: 21
  [PASS] Zone 227 | Weight: 8 <= Limit: 21
  [PASS] Zone 228 | Weight: 8 <= Limit: 22
  [PASS] Zone 229 | Weight: 8 <= Limit: 21
  [PASS] Zone 230 | Weight: 8 <= Limit: 20
  [PASS] Zone 231 | Weight: 8 <= Limit: 19
  [PASS] Zone 232 | Weight: 8 <= Limit: 22
  [PASS] Zone 233 | Weight: 8 <= Limit: 22
  [PASS] Zone 234 | Weight: 8 <= Limit: 19
  [PASS] Zone 235 | Weight: 8 <= Limit: 18
  [PASS] Zone 236 | Weight: 8 <= Limit: 18
  [PASS] Zone 237 | Weight: 8 <= Limit: 18
  [PASS] Zone 238 | Weight: 8 <= Limit: 20
  [PASS] Zone 239 | Weight: 8 <= Limit: 19
  [PASS] Zone 240 | Weight: 8 <= Limit: 22
  [PASS] Zone 241 | Weight: 8 <= Limit: 22
  [PASS] Zone 242 | Weight: 8 <= Limit: 21
  [PASS] Zone 243 | Weight: 8 <= Limit: 21
  [PASS] Zone 244 | Weight: 8 <= Limit: 23
  [PASS] Zone 245 | Weight: 8 <= Limit: 21
  [PASS] Zone 246 | Weight: 8 <= Limit: 19
  [PASS] Zone 247 | Weight: 8 <= Limit: 19
  [PASS] Zone 248 | Weight: 8 <= Limit: 22
  [PASS] Zone 249 | Weight: 8 <= Limit: 20
  [PASS] Zone 250 | Weight: 8 <= Limit: 18
  [PASS] Zone 251 | Weight: 8 <= Limit: 18
  [PASS] Zone 252 | Weight: 8 <= Limit: 18
  [PASS] Zone 253 | Weight: 8 <= Limit: 18
  [PASS] Zone 254 | Weight: 8 <= Limit: 19
  [PASS] Zone 255 | Weight: 8 <= Limit: 23

Exit Edge Detected: g80 -> g87
  [PASS] Zone 0 | Weight: 8 <= Limit: 21
  [PASS] Zone 1 | Weight: 8 <= Limit: 21
  [PASS] Zone 2 | Weight: 8 <= Limit: 21
  [PASS] Zone 3 | Weight: 8 <= Limit: 21
  [PASS] Zone 4 | Weight: 8 <= Limit: 21
  [PASS] Zone 5 | Weight: 8 <= Limit: 21
  [PASS] Zone 6 | Weight: 8 <= Limit: 22
  [PASS] Zone 7 | Weight: 8 <= Limit: 22
  [PASS] Zone 8 | Weight: 8 <= Limit: 22
  [PASS] Zone 9 | Weight: 8 <= Limit: 22
  [PASS] Zone 10 | Weight: 8 <= Limit: 22
  [PASS] Zone 11 | Weight: 8 <= Limit: 22
  [PASS] Zone 12 | Weight: 8 <= Limit: 22
  [PASS] Zone 13 | Weight: 8 <= Limit: 22
  [PASS] Zone 14 | Weight: 8 <= Limit: 22
  [PASS] Zone 15 | Weight: 8 <= Limit: 22
  [PASS] Zone 16 | Weight: 8 <= Limit: 21
  [PASS] Zone 17 | Weight: 8 <= Limit: 21
  [PASS] Zone 18 | Weight: 8 <= Limit: 21
  [PASS] Zone 19 | Weight: 8 <= Limit: 21
  [PASS] Zone 20 | Weight: 8 <= Limit: 21
  [PASS] Zone 21 | Weight: 8 <= Limit: 21
  [PASS] Zone 22 | Weight: 8 <= Limit: 21
  [PASS] Zone 23 | Weight: 8 <= Limit: 22
  [PASS] Zone 24 | Weight: 8 <= Limit: 22
  [PASS] Zone 25 | Weight: 8 <= Limit: 22
  [PASS] Zone 26 | Weight: 8 <= Limit: 22
  [PASS] Zone 27 | Weight: 8 <= Limit: 22
  [PASS] Zone 28 | Weight: 8 <= Limit: 22
  [PASS] Zone 29 | Weight: 8 <= Limit: 22
  [PASS] Zone 30 | Weight: 8 <= Limit: 22
  [PASS] Zone 31 | Weight: 8 <= Limit: 22
  [PASS] Zone 32 | Weight: 8 <= Limit: 21
  [PASS] Zone 33 | Weight: 8 <= Limit: 21
  [PASS] Zone 34 | Weight: 8 <= Limit: 21
  [PASS] Zone 35 | Weight: 8 <= Limit: 21
  [PASS] Zone 36 | Weight: 8 <= Limit: 21
  [PASS] Zone 37 | Weight: 8 <= Limit: 21
  [PASS] Zone 38 | Weight: 8 <= Limit: 21
  [PASS] Zone 39 | Weight: 8 <= Limit: 21
  [PASS] Zone 40 | Weight: 8 <= Limit: 21
  [PASS] Zone 41 | Weight: 8 <= Limit: 21
  [PASS] Zone 42 | Weight: 8 <= Limit: 21
  [PASS] Zone 43 | Weight: 8 <= Limit: 21
  [PASS] Zone 44 | Weight: 8 <= Limit: 21
  [PASS] Zone 45 | Weight: 8 <= Limit: 21
  [PASS] Zone 46 | Weight: 8 <= Limit: 21
  [PASS] Zone 47 | Weight: 8 <= Limit: 21
  [PASS] Zone 48 | Weight: 8 <= Limit: 21
  [PASS] Zone 49 | Weight: 8 <= Limit: 21
  [PASS] Zone 50 | Weight: 8 <= Limit: 21
  [PASS] Zone 51 | Weight: 8 <= Limit: 21
  [PASS] Zone 52 | Weight: 8 <= Limit: 21
  [PASS] Zone 53 | Weight: 8 <= Limit: 21
  [PASS] Zone 54 | Weight: 8 <= Limit: 20
  [PASS] Zone 55 | Weight: 8 <= Limit: 21
  [PASS] Zone 56 | Weight: 8 <= Limit: 21
  [PASS] Zone 57 | Weight: 8 <= Limit: 21
  [PASS] Zone 58 | Weight: 8 <= Limit: 21
  [PASS] Zone 59 | Weight: 8 <= Limit: 21
  [PASS] Zone 60 | Weight: 8 <= Limit: 21
  [PASS] Zone 61 | Weight: 8 <= Limit: 21
  [PASS] Zone 62 | Weight: 8 <= Limit: 20
  [PASS] Zone 63 | Weight: 8 <= Limit: 21
  [PASS] Zone 64 | Weight: 8 <= Limit: 21
  [PASS] Zone 65 | Weight: 8 <= Limit: 21
  [PASS] Zone 66 | Weight: 8 <= Limit: 21
  [PASS] Zone 67 | Weight: 8 <= Limit: 21
  [PASS] Zone 68 | Weight: 8 <= Limit: 21
  [PASS] Zone 69 | Weight: 8 <= Limit: 20
  [PASS] Zone 70 | Weight: 8 <= Limit: 20
  [PASS] Zone 71 | Weight: 8 <= Limit: 20
  [PASS] Zone 72 | Weight: 8 <= Limit: 22
  [PASS] Zone 73 | Weight: 8 <= Limit: 22
  [PASS] Zone 74 | Weight: 8 <= Limit: 22
  [PASS] Zone 75 | Weight: 8 <= Limit: 22
  [PASS] Zone 76 | Weight: 8 <= Limit: 22
  [PASS] Zone 77 | Weight: 8 <= Limit: 22
  [PASS] Zone 78 | Weight: 8 <= Limit: 22
  [PASS] Zone 79 | Weight: 8 <= Limit: 22
  [PASS] Zone 80 | Weight: 8 <= Limit: 21
  [PASS] Zone 81 | Weight: 8 <= Limit: 21
  [PASS] Zone 82 | Weight: 8 <= Limit: 21
  [PASS] Zone 83 | Weight: 8 <= Limit: 21
  [PASS] Zone 84 | Weight: 8 <= Limit: 21
  [PASS] Zone 85 | Weight: 8 <= Limit: 20
  [PASS] Zone 86 | Weight: 8 <= Limit: 20
  [PASS] Zone 87 | Weight: 8 <= Limit: 20
  [PASS] Zone 88 | Weight: 8 <= Limit: 22
  [PASS] Zone 89 | Weight: 8 <= Limit: 22
  [PASS] Zone 90 | Weight: 8 <= Limit: 22
  [PASS] Zone 91 | Weight: 8 <= Limit: 22
  [PASS] Zone 92 | Weight: 8 <= Limit: 23
  [PASS] Zone 93 | Weight: 8 <= Limit: 20
  [PASS] Zone 94 | Weight: 8 <= Limit: 20
  [PASS] Zone 95 | Weight: 8 <= Limit: 20
  [PASS] Zone 96 | Weight: 8 <= Limit: 22
  [PASS] Zone 97 | Weight: 8 <= Limit: 21
  [PASS] Zone 98 | Weight: 8 <= Limit: 21
  [PASS] Zone 99 | Weight: 8 <= Limit: 21
  [PASS] Zone 100 | Weight: 8 <= Limit: 20
  [PASS] Zone 101 | Weight: 8 <= Limit: 20
  [PASS] Zone 102 | Weight: 8 <= Limit: 21
  [PASS] Zone 103 | Weight: 8 <= Limit: 20
  [PASS] Zone 104 | Weight: 8 <= Limit: 22
  [PASS] Zone 105 | Weight: 8 <= Limit: 22
  [PASS] Zone 106 | Weight: 8 <= Limit: 23
  [PASS] Zone 107 | Weight: 8 <= Limit: 20
  [PASS] Zone 108 | Weight: 8 <= Limit: 21
  [PASS] Zone 109 | Weight: 8 <= Limit: 21
  [PASS] Zone 110 | Weight: 8 <= Limit: 21
  [PASS] Zone 111 | Weight: 8 <= Limit: 20
  [PASS] Zone 112 | Weight: 8 <= Limit: 22
  [PASS] Zone 113 | Weight: 8 <= Limit: 21
  [PASS] Zone 114 | Weight: 8 <= Limit: 21
  [PASS] Zone 115 | Weight: 8 <= Limit: 21
  [PASS] Zone 116 | Weight: 8 <= Limit: 20
  [PASS] Zone 117 | Weight: 8 <= Limit: 20
  [PASS] Zone 118 | Weight: 8 <= Limit: 20
  [PASS] Zone 119 | Weight: 8 <= Limit: 23
  [PASS] Zone 120 | Weight: 8 <= Limit: 23
  [PASS] Zone 121 | Weight: 8 <= Limit: 23
  [PASS] Zone 122 | Weight: 8 <= Limit: 20
  [PASS] Zone 123 | Weight: 8 <= Limit: 21
  [PASS] Zone 124 | Weight: 8 <= Limit: 20
  [PASS] Zone 125 | Weight: 8 <= Limit: 20
  [PASS] Zone 126 | Weight: 8 <= Limit: 20
  [PASS] Zone 127 | Weight: 8 <= Limit: 20
  [PASS] Zone 128 | Weight: 8 <= Limit: 22
  [PASS] Zone 129 | Weight: 8 <= Limit: 21
  [PASS] Zone 130 | Weight: 8 <= Limit: 21
  [PASS] Zone 131 | Weight: 8 <= Limit: 20
  [PASS] Zone 132 | Weight: 8 <= Limit: 22
  [PASS] Zone 133 | Weight: 8 <= Limit: 22
  [PASS] Zone 134 | Weight: 8 <= Limit: 22
  [PASS] Zone 135 | Weight: 8 <= Limit: 22
  [PASS] Zone 136 | Weight: 8 <= Limit: 23
  [PASS] Zone 137 | Weight: 8 <= Limit: 22
  [PASS] Zone 138 | Weight: 8 <= Limit: 22
  [PASS] Zone 139 | Weight: 8 <= Limit: 21
  [PASS] Zone 140 | Weight: 8 <= Limit: 22
  [PASS] Zone 141 | Weight: 8 <= Limit: 22
  [PASS] Zone 142 | Weight: 8 <= Limit: 22
  [PASS] Zone 143 | Weight: 8 <= Limit: 22
  [PASS] Zone 144 | Weight: 8 <= Limit: 22
  [PASS] Zone 145 | Weight: 8 <= Limit: 21
  [PASS] Zone 146 | Weight: 8 <= Limit: 21
  [PASS] Zone 147 | Weight: 8 <= Limit: 20
  [PASS] Zone 148 | Weight: 8 <= Limit: 22
  [PASS] Zone 149 | Weight: 8 <= Limit: 22
  [PASS] Zone 150 | Weight: 8 <= Limit: 22
  [PASS] Zone 151 | Weight: 8 <= Limit: 22
  [PASS] Zone 152 | Weight: 8 <= Limit: 23
  [PASS] Zone 153 | Weight: 8 <= Limit: 22
  [PASS] Zone 154 | Weight: 8 <= Limit: 22
  [PASS] Zone 155 | Weight: 8 <= Limit: 21
  [PASS] Zone 156 | Weight: 8 <= Limit: 22
  [PASS] Zone 157 | Weight: 8 <= Limit: 22
  [PASS] Zone 158 | Weight: 8 <= Limit: 22
  [PASS] Zone 159 | Weight: 8 <= Limit: 20
  [PASS] Zone 160 | Weight: 8 <= Limit: 22
  [PASS] Zone 161 | Weight: 8 <= Limit: 21
  [PASS] Zone 162 | Weight: 8 <= Limit: 21
  [PASS] Zone 163 | Weight: 8 <= Limit: 20
  [PASS] Zone 164 | Weight: 8 <= Limit: 22
  [PASS] Zone 165 | Weight: 8 <= Limit: 22
  [PASS] Zone 166 | Weight: 8 <= Limit: 23
  [PASS] Zone 167 | Weight: 8 <= Limit: 21
  [PASS] Zone 168 | Weight: 8 <= Limit: 22
  [PASS] Zone 169 | Weight: 8 <= Limit: 22
  [PASS] Zone 170 | Weight: 8 <= Limit: 21
  [PASS] Zone 171 | Weight: 8 <= Limit: 20
  [PASS] Zone 172 | Weight: 8 <= Limit: 22
  [PASS] Zone 173 | Weight: 8 <= Limit: 19
  [PASS] Zone 174 | Weight: 8 <= Limit: 19
  [PASS] Zone 175 | Weight: 8 <= Limit: 19
  [PASS] Zone 176 | Weight: 8 <= Limit: 22
  [PASS] Zone 177 | Weight: 8 <= Limit: 21
  [PASS] Zone 178 | Weight: 8 <= Limit: 21
  [PASS] Zone 179 | Weight: 8 <= Limit: 20
  [PASS] Zone 180 | Weight: 8 <= Limit: 22
  [PASS] Zone 181 | Weight: 8 <= Limit: 22
  [PASS] Zone 182 | Weight: 8 <= Limit: 20
  [PASS] Zone 183 | Weight: 8 <= Limit: 20
  [PASS] Zone 184 | Weight: 8 <= Limit: 22
  [PASS] Zone 185 | Weight: 8 <= Limit: 21
  [PASS] Zone 186 | Weight: 8 <= Limit: 21
  [PASS] Zone 187 | Weight: 8 <= Limit: 23
  [PASS] Zone 188 | Weight: 8 <= Limit: 20
  [PASS] Zone 189 | Weight: 8 <= Limit: 19
  [PASS] Zone 190 | Weight: 8 <= Limit: 18
  [PASS] Zone 191 | Weight: 8 <= Limit: 18
  [PASS] Zone 192 | Weight: 8 <= Limit: 22
  [PASS] Zone 193 | Weight: 8 <= Limit: 21
  [PASS] Zone 194 | Weight: 8 <= Limit: 21
  [PASS] Zone 195 | Weight: 8 <= Limit: 21
  [PASS] Zone 196 | Weight: 8 <= Limit: 22
  [PASS] Zone 197 | Weight: 8 <= Limit: 22
  [PASS] Zone 198 | Weight: 8 <= Limit: 20
  [PASS] Zone 199 | Weight: 8 <= Limit: 20
  [PASS] Zone 200 | Weight: 8 <= Limit: 22
  [PASS] Zone 201 | Weight: 8 <= Limit: 21
  [PASS] Zone 202 | Weight: 8 <= Limit: 22
  [PASS] Zone 203 | Weight: 8 <= Limit: 19
  [PASS] Zone 204 | Weight: 8 <= Limit: 18
  [PASS] Zone 205 | Weight: 8 <= Limit: 17
  [PASS] Zone 206 | Weight: 8 <= Limit: 20
  [PASS] Zone 207 | Weight: 8 <= Limit: 19
  [PASS] Zone 208 | Weight: 8 <= Limit: 22
  [PASS] Zone 209 | Weight: 8 <= Limit: 21
  [PASS] Zone 210 | Weight: 8 <= Limit: 21
  [PASS] Zone 211 | Weight: 8 <= Limit: 21
  [PASS] Zone 212 | Weight: 8 <= Limit: 22
  [PASS] Zone 213 | Weight: 8 <= Limit: 20
  [PASS] Zone 214 | Weight: 8 <= Limit: 20
  [PASS] Zone 215 | Weight: 8 <= Limit: 19
  [PASS] Zone 216 | Weight: 8 <= Limit: 22
  [PASS] Zone 217 | Weight: 8 <= Limit: 21
  [PASS] Zone 218 | Weight: 8 <= Limit: 20
  [PASS] Zone 219 | Weight: 8 <= Limit: 18
  [PASS] Zone 220 | Weight: 8 <= Limit: 18
  [PASS] Zone 221 | Weight: 8 <= Limit: 17
  [PASS] Zone 222 | Weight: 8 <= Limit: 20
  [PASS] Zone 223 | Weight: 8 <= Limit: 19
  [PASS] Zone 224 | Weight: 8 <= Limit: 22
  [PASS] Zone 225 | Weight: 8 <= Limit: 22
  [PASS] Zone 226 | Weight: 8 <= Limit: 21
  [PASS] Zone 227 | Weight: 8 <= Limit: 21
  [PASS] Zone 228 | Weight: 8 <= Limit: 22
  [PASS] Zone 229 | Weight: 8 <= Limit: 21
  [PASS] Zone 230 | Weight: 8 <= Limit: 20
  [PASS] Zone 231 | Weight: 8 <= Limit: 19
  [PASS] Zone 232 | Weight: 8 <= Limit: 22
  [PASS] Zone 233 | Weight: 8 <= Limit: 22
  [PASS] Zone 234 | Weight: 8 <= Limit: 19
  [PASS] Zone 235 | Weight: 8 <= Limit: 18
  [PASS] Zone 236 | Weight: 8 <= Limit: 18
  [PASS] Zone 237 | Weight: 8 <= Limit: 18
  [PASS] Zone 238 | Weight: 8 <= Limit: 20
  [PASS] Zone 239 | Weight: 8 <= Limit: 19
  [PASS] Zone 240 | Weight: 8 <= Limit: 22
  [PASS] Zone 241 | Weight: 8 <= Limit: 22
  [PASS] Zone 242 | Weight: 8 <= Limit: 21
  [PASS] Zone 243 | Weight: 8 <= Limit: 21
  [PASS] Zone 244 | Weight: 8 <= Limit: 23
  [PASS] Zone 245 | Weight: 8 <= Limit: 21
  [PASS] Zone 246 | Weight: 8 <= Limit: 19
  [PASS] Zone 247 | Weight: 8 <= Limit: 19
  [PASS] Zone 248 | Weight: 8 <= Limit: 22
  [PASS] Zone 249 | Weight: 8 <= Limit: 20
  [PASS] Zone 250 | Weight: 8 <= Limit: 18
  [PASS] Zone 251 | Weight: 8 <= Limit: 18
  [PASS] Zone 252 | Weight: 8 <= Limit: 18
  [PASS] Zone 253 | Weight: 8 <= Limit: 18
  [PASS] Zone 254 | Weight: 8 <= Limit: 19
  [PASS] Zone 255 | Weight: 8 <= Limit: 23
subgraph_extraction_time = 6.993607999999767
[34mGrid (4 X 4) and et=12 exploration started...[39m
Cell(0,1) at iteration 1: 